[0.009s] Invoking command in '/home/louisdarong/ros2_ws/src/build/obstacle_detector': CMAKE_PREFIX_PATH=/opt/ros/humble /usr/bin/cmake /home/louisdarong/ros2_ws/src/obstacle_detector -DCMAKE_INSTALL_PREFIX=/home/louisdarong/ros2_ws/src/install/obstacle_detector
[0.117s] -- The C compiler identification is GNU 11.4.0
[0.207s] -- The CXX compiler identification is GNU 11.4.0
[0.227s] -- Detecting C compiler ABI info
[0.320s] -- Detecting C compiler ABI info - done
[0.336s] -- Check for working C compiler: /usr/bin/cc - skipped
[0.337s] -- Detecting C compile features
[0.338s] -- Detecting C compile features - done
[0.346s] -- Detecting CXX compiler ABI info
[0.457s] -- Detecting CXX compiler ABI info - done
[0.474s] -- Check for working CXX compiler: /usr/bin/c++ - skipped
[0.474s] -- Detecting CXX compile features
[0.475s] -- Detecting CXX compile features - done
[0.482s] -- Found ament_cmake: 1.3.12 (/opt/ros/humble/share/ament_cmake/cmake)
[0.671s] -- Found Python3: /usr/bin/python3 (found version "3.10.12") found components: Interpreter 
[0.806s] -- Found rclcpp: 16.0.17 (/opt/ros/humble/share/rclcpp/cmake)
[0.848s] -- Found rosidl_generator_c: 3.1.8 (/opt/ros/humble/share/rosidl_generator_c/cmake)
[0.853s] -- Found rosidl_adapter: 3.1.8 (/opt/ros/humble/share/rosidl_adapter/cmake)
[0.862s] -- Found rosidl_generator_cpp: 3.1.8 (/opt/ros/humble/share/rosidl_generator_cpp/cmake)
[0.874s] -- Using all available rosidl_typesupport_c: rosidl_typesupport_fastrtps_c;rosidl_typesupport_introspection_c
[0.891s] -- Using all available rosidl_typesupport_cpp: rosidl_typesupport_fastrtps_cpp;rosidl_typesupport_introspection_cpp
[0.934s] -- Found rmw_implementation_cmake: 6.1.2 (/opt/ros/humble/share/rmw_implementation_cmake/cmake)
[0.936s] -- Found rmw_fastrtps_cpp: 6.2.9 (/opt/ros/humble/share/rmw_fastrtps_cpp/cmake)
[1.047s] -- Found OpenSSL: /usr/lib/x86_64-linux-gnu/libcrypto.so (found version "3.0.2")  
[1.073s] -- Found FastRTPS: /opt/ros/humble/include  
[1.118s] -- Using RMW implementation 'rmw_fastrtps_cpp' as default
[1.126s] -- Looking for pthread.h
[1.204s] -- Looking for pthread.h - found
[1.205s] -- Performing Test CMAKE_HAVE_LIBC_PTHREAD
[1.295s] -- Performing Test CMAKE_HAVE_LIBC_PTHREAD - Success
[1.297s] -- Found Threads: TRUE  
[1.352s] -- Found sensor_msgs: 4.9.0 (/opt/ros/humble/share/sensor_msgs/cmake)
[1.383s] -- Found visualization_msgs: 4.9.0 (/opt/ros/humble/share/visualization_msgs/cmake)
[1.471s] -- Configuring done
[1.493s] -- Generating done
[1.501s] -- Build files have been written to: /home/louisdarong/ros2_ws/src/build/obstacle_detector
[1.511s] Invoked command in '/home/louisdarong/ros2_ws/src/build/obstacle_detector' returned '0': CMAKE_PREFIX_PATH=/opt/ros/humble /usr/bin/cmake /home/louisdarong/ros2_ws/src/obstacle_detector -DCMAKE_INSTALL_PREFIX=/home/louisdarong/ros2_ws/src/install/obstacle_detector
[1.513s] Invoking command in '/home/louisdarong/ros2_ws/src/build/obstacle_detector': CMAKE_PREFIX_PATH=/opt/ros/humble /usr/bin/cmake --build /home/louisdarong/ros2_ws/src/build/obstacle_detector -- -j16 -l16
[1.559s] [ 50%] [32mBuilding CXX object CMakeFiles/obstacle_detector.dir/src/obstacle_detector.cpp.o[0m
[8.474s] [100%] [32m[1mLinking CXX executable obstacle_detector[0m
[8.944s] [100%] Built target obstacle_detector
[8.957s] Invoked command in '/home/louisdarong/ros2_ws/src/build/obstacle_detector' returned '0': CMAKE_PREFIX_PATH=/opt/ros/humble /usr/bin/cmake --build /home/louisdarong/ros2_ws/src/build/obstacle_detector -- -j16 -l16
[8.969s] Invoking command in '/home/louisdarong/ros2_ws/src/build/obstacle_detector': CMAKE_PREFIX_PATH=/opt/ros/humble /usr/bin/cmake --install /home/louisdarong/ros2_ws/src/build/obstacle_detector
[8.986s] -- Install configuration: ""
[8.987s] -- Installing: /home/louisdarong/ros2_ws/src/install/obstacle_detector/lib/obstacle_detector/obstacle_detector
[8.992s] -- Set runtime path of "/home/louisdarong/ros2_ws/src/install/obstacle_detector/lib/obstacle_detector/obstacle_detector" to ""
[8.992s] -- Installing: /home/louisdarong/ros2_ws/src/install/obstacle_detector/share/ament_index/resource_index/package_run_dependencies/obstacle_detector
[8.992s] -- Installing: /home/louisdarong/ros2_ws/src/install/obstacle_detector/share/ament_index/resource_index/parent_prefix_path/obstacle_detector
[8.993s] -- Installing: /home/louisdarong/ros2_ws/src/install/obstacle_detector/share/obstacle_detector/environment/ament_prefix_path.sh
[8.993s] -- Installing: /home/louisdarong/ros2_ws/src/install/obstacle_detector/share/obstacle_detector/environment/ament_prefix_path.dsv
[8.993s] -- Installing: /home/louisdarong/ros2_ws/src/install/obstacle_detector/share/obstacle_detector/environment/path.sh
[8.993s] -- Installing: /home/louisdarong/ros2_ws/src/install/obstacle_detector/share/obstacle_detector/environment/path.dsv
[8.993s] -- Installing: /home/louisdarong/ros2_ws/src/install/obstacle_detector/share/obstacle_detector/local_setup.bash
[8.994s] -- Installing: /home/louisdarong/ros2_ws/src/install/obstacle_detector/share/obstacle_detector/local_setup.sh
[8.994s] -- Installing: /home/louisdarong/ros2_ws/src/install/obstacle_detector/share/obstacle_detector/local_setup.zsh
[8.994s] -- Installing: /home/louisdarong/ros2_ws/src/install/obstacle_detector/share/obstacle_detector/local_setup.dsv
[8.994s] -- Installing: /home/louisdarong/ros2_ws/src/install/obstacle_detector/share/obstacle_detector/package.dsv
[8.994s] -- Installing: /home/louisdarong/ros2_ws/src/install/obstacle_detector/share/ament_index/resource_index/packages/obstacle_detector
[8.995s] -- Installing: /home/louisdarong/ros2_ws/src/install/obstacle_detector/share/obstacle_detector/cmake/obstacle_detectorConfig.cmake
[8.995s] -- Installing: /home/louisdarong/ros2_ws/src/install/obstacle_detector/share/obstacle_detector/cmake/obstacle_detectorConfig-version.cmake
[8.995s] -- Installing: /home/louisdarong/ros2_ws/src/install/obstacle_detector/share/obstacle_detector/package.xml
[8.997s] Invoked command in '/home/louisdarong/ros2_ws/src/build/obstacle_detector' returned '0': CMAKE_PREFIX_PATH=/opt/ros/humble /usr/bin/cmake --install /home/louisdarong/ros2_ws/src/build/obstacle_detector
