[0.084s] DEBUG:colcon:Command line arguments: ['/usr/bin/colcon', 'build', '--packages-select', 'obstacle_detector']
[0.084s] DEBUG:colcon:Parsed command line arguments: Namespace(log_base=None, log_level=None, verb_name='build', build_base='build', install_base='install', merge_install=False, symlink_install=False, test_result_base=None, continue_on_error=False, executor='parallel', parallel_workers=16, event_handlers=None, ignore_user_meta=False, metas=['./colcon.meta'], base_paths=['.'], packages_ignore=None, packages_ignore_regex=None, paths=None, packages_up_to=None, packages_up_to_regex=None, packages_above=None, packages_above_and_dependencies=None, packages_above_depth=None, packages_select_by_dep=None, packages_skip_by_dep=None, packages_skip_up_to=None, packages_select_build_failed=False, packages_skip_build_finished=False, packages_select_test_failures=False, packages_skip_test_passed=False, packages_select=['obstacle_detector'], packages_skip=None, packages_select_regex=None, packages_skip_regex=None, packages_start=None, packages_end=None, allow_overriding=[], cmake_args=None, cmake_target=None, cmake_target_skip_unavailable=False, cmake_clean_cache=False, cmake_clean_first=False, cmake_force_configure=False, ament_cmake_args=None, catkin_cmake_args=None, catkin_skip_building_tests=False, mixin_files=None, mixin=None, verb_parser=<colcon_mixin.mixin.mixin_argument.MixinArgumentDecorator object at 0x7bf78d021ae0>, verb_extension=<colcon_core.verb.build.BuildVerb object at 0x7bf78d122ad0>, main=<bound method BuildVerb.main of <colcon_core.verb.build.BuildVerb object at 0x7bf78d122ad0>>, mixin_verb=('build',))
[0.216s] Level 1:colcon.colcon_core.package_discovery:discover_packages(colcon_meta) check parameters
[0.216s] Level 1:colcon.colcon_core.package_discovery:discover_packages(recursive) check parameters
[0.216s] Level 1:colcon.colcon_core.package_discovery:discover_packages(ignore) check parameters
[0.217s] Level 1:colcon.colcon_core.package_discovery:discover_packages(path) check parameters
[0.217s] Level 1:colcon.colcon_core.package_discovery:discover_packages(colcon_meta) discover
[0.217s] Level 1:colcon.colcon_core.package_discovery:discover_packages(recursive) discover
[0.217s] INFO:colcon.colcon_core.package_discovery:Crawling recursively for packages in '/home/louisdarong/ros2_ws/src'
[0.217s] Level 1:colcon.colcon_core.package_identification:_identify(.) by extensions ['ignore', 'ignore_ament_install']
[0.217s] Level 1:colcon.colcon_core.package_identification:_identify(.) by extension 'ignore'
[0.217s] Level 1:colcon.colcon_core.package_identification:_identify(.) by extension 'ignore_ament_install'
[0.217s] Level 1:colcon.colcon_core.package_identification:_identify(.) by extensions ['colcon_pkg']
[0.217s] Level 1:colcon.colcon_core.package_identification:_identify(.) by extension 'colcon_pkg'
[0.217s] Level 1:colcon.colcon_core.package_identification:_identify(.) by extensions ['colcon_meta']
[0.217s] Level 1:colcon.colcon_core.package_identification:_identify(.) by extension 'colcon_meta'
[0.217s] Level 1:colcon.colcon_core.package_identification:_identify(.) by extensions ['ros']
[0.217s] Level 1:colcon.colcon_core.package_identification:_identify(.) by extension 'ros'
[0.225s] Level 1:colcon.colcon_core.package_identification:_identify(.) by extensions ['cmake', 'python']
[0.225s] Level 1:colcon.colcon_core.package_identification:_identify(.) by extension 'cmake'
[0.225s] Level 1:colcon.colcon_core.package_identification:_identify(.) by extension 'python'
[0.225s] Level 1:colcon.colcon_core.package_identification:_identify(.) by extensions ['python_setup_py']
[0.225s] Level 1:colcon.colcon_core.package_identification:_identify(.) by extension 'python_setup_py'
[0.225s] Level 1:colcon.colcon_core.package_identification:_identify(build) by extensions ['ignore', 'ignore_ament_install']
[0.226s] Level 1:colcon.colcon_core.package_identification:_identify(build) by extension 'ignore'
[0.226s] Level 1:colcon.colcon_core.package_identification:_identify(build) ignored
[0.226s] Level 1:colcon.colcon_core.package_identification:_identify(install) by extensions ['ignore', 'ignore_ament_install']
[0.226s] Level 1:colcon.colcon_core.package_identification:_identify(install) by extension 'ignore'
[0.226s] Level 1:colcon.colcon_core.package_identification:_identify(install) ignored
[0.226s] Level 1:colcon.colcon_core.package_identification:_identify(log) by extensions ['ignore', 'ignore_ament_install']
[0.226s] Level 1:colcon.colcon_core.package_identification:_identify(log) by extension 'ignore'
[0.226s] Level 1:colcon.colcon_core.package_identification:_identify(log) ignored
[0.226s] Level 1:colcon.colcon_core.package_identification:_identify(obstacle_detector) by extensions ['ignore', 'ignore_ament_install']
[0.226s] Level 1:colcon.colcon_core.package_identification:_identify(obstacle_detector) by extension 'ignore'
[0.226s] Level 1:colcon.colcon_core.package_identification:_identify(obstacle_detector) by extension 'ignore_ament_install'
[0.226s] Level 1:colcon.colcon_core.package_identification:_identify(obstacle_detector) by extensions ['colcon_pkg']
[0.226s] Level 1:colcon.colcon_core.package_identification:_identify(obstacle_detector) by extension 'colcon_pkg'
[0.226s] Level 1:colcon.colcon_core.package_identification:_identify(obstacle_detector) by extensions ['colcon_meta']
[0.226s] Level 1:colcon.colcon_core.package_identification:_identify(obstacle_detector) by extension 'colcon_meta'
[0.226s] Level 1:colcon.colcon_core.package_identification:_identify(obstacle_detector) by extensions ['ros']
[0.226s] Level 1:colcon.colcon_core.package_identification:_identify(obstacle_detector) by extension 'ros'
[0.228s] DEBUG:colcon.colcon_core.package_identification:Package 'obstacle_detector' with type 'ros.ament_cmake' and name 'obstacle_detector'
[0.228s] Level 1:colcon.colcon_core.package_identification:_identify(pure_pursuit) by extensions ['ignore', 'ignore_ament_install']
[0.228s] Level 1:colcon.colcon_core.package_identification:_identify(pure_pursuit) by extension 'ignore'
[0.228s] Level 1:colcon.colcon_core.package_identification:_identify(pure_pursuit) by extension 'ignore_ament_install'
[0.228s] Level 1:colcon.colcon_core.package_identification:_identify(pure_pursuit) by extensions ['colcon_pkg']
[0.228s] Level 1:colcon.colcon_core.package_identification:_identify(pure_pursuit) by extension 'colcon_pkg'
[0.228s] Level 1:colcon.colcon_core.package_identification:_identify(pure_pursuit) by extensions ['colcon_meta']
[0.228s] Level 1:colcon.colcon_core.package_identification:_identify(pure_pursuit) by extension 'colcon_meta'
[0.229s] Level 1:colcon.colcon_core.package_identification:_identify(pure_pursuit) by extensions ['ros']
[0.229s] Level 1:colcon.colcon_core.package_identification:_identify(pure_pursuit) by extension 'ros'
[0.229s] DEBUG:colcon.colcon_core.package_identification:Package 'pure_pursuit' with type 'ros.ament_cmake' and name 'pure_pursuit'
[0.230s] Level 1:colcon.colcon_core.package_identification:_identify(stanley_control) by extensions ['ignore', 'ignore_ament_install']
[0.230s] Level 1:colcon.colcon_core.package_identification:_identify(stanley_control) by extension 'ignore'
[0.230s] Level 1:colcon.colcon_core.package_identification:_identify(stanley_control) by extension 'ignore_ament_install'
[0.230s] Level 1:colcon.colcon_core.package_identification:_identify(stanley_control) by extensions ['colcon_pkg']
[0.230s] Level 1:colcon.colcon_core.package_identification:_identify(stanley_control) by extension 'colcon_pkg'
[0.230s] Level 1:colcon.colcon_core.package_identification:_identify(stanley_control) by extensions ['colcon_meta']
[0.230s] Level 1:colcon.colcon_core.package_identification:_identify(stanley_control) by extension 'colcon_meta'
[0.230s] Level 1:colcon.colcon_core.package_identification:_identify(stanley_control) by extensions ['ros']
[0.230s] Level 1:colcon.colcon_core.package_identification:_identify(stanley_control) by extension 'ros'
[0.230s] DEBUG:colcon.colcon_core.package_identification:Package 'stanley_control' with type 'ros.ament_cmake' and name 'stanley_control'
[0.230s] Level 1:colcon.colcon_core.package_identification:_identify(wall_follow) by extensions ['ignore', 'ignore_ament_install']
[0.231s] Level 1:colcon.colcon_core.package_identification:_identify(wall_follow) by extension 'ignore'
[0.231s] Level 1:colcon.colcon_core.package_identification:_identify(wall_follow) by extension 'ignore_ament_install'
[0.231s] Level 1:colcon.colcon_core.package_identification:_identify(wall_follow) by extensions ['colcon_pkg']
[0.231s] Level 1:colcon.colcon_core.package_identification:_identify(wall_follow) by extension 'colcon_pkg'
[0.231s] Level 1:colcon.colcon_core.package_identification:_identify(wall_follow) by extensions ['colcon_meta']
[0.231s] Level 1:colcon.colcon_core.package_identification:_identify(wall_follow) by extension 'colcon_meta'
[0.231s] Level 1:colcon.colcon_core.package_identification:_identify(wall_follow) by extensions ['ros']
[0.231s] Level 1:colcon.colcon_core.package_identification:_identify(wall_follow) by extension 'ros'
[0.231s] DEBUG:colcon.colcon_core.package_identification:Package 'wall_follow' with type 'ros.ament_cmake' and name 'wall_follow'
[0.231s] Level 1:colcon.colcon_core.package_discovery:discover_packages(recursive) using defaults
[0.231s] Level 1:colcon.colcon_core.package_discovery:discover_packages(ignore) discover
[0.231s] Level 1:colcon.colcon_core.package_discovery:discover_packages(ignore) using defaults
[0.231s] Level 1:colcon.colcon_core.package_discovery:discover_packages(path) discover
[0.231s] Level 1:colcon.colcon_core.package_discovery:discover_packages(path) using defaults
[0.257s] INFO:colcon.colcon_core.package_selection:Skipping not selected package 'pure_pursuit' in 'pure_pursuit'
[0.257s] INFO:colcon.colcon_core.package_selection:Skipping not selected package 'stanley_control' in 'stanley_control'
[0.257s] INFO:colcon.colcon_core.package_selection:Skipping not selected package 'wall_follow' in 'wall_follow'
[0.258s] Level 1:colcon.colcon_core.package_discovery:discover_packages(prefix_path) check parameters
[0.258s] Level 1:colcon.colcon_core.package_discovery:discover_packages(prefix_path) discover
[0.260s] DEBUG:colcon.colcon_installed_package_information.package_discovery:Found 284 installed packages in /opt/ros/humble
[0.261s] Level 1:colcon.colcon_core.package_discovery:discover_packages(prefix_path) using defaults
[0.290s] Level 5:colcon.colcon_core.verb:set package 'obstacle_detector' build argument 'cmake_args' from command line to 'None'
[0.290s] Level 5:colcon.colcon_core.verb:set package 'obstacle_detector' build argument 'cmake_target' from command line to 'None'
[0.290s] Level 5:colcon.colcon_core.verb:set package 'obstacle_detector' build argument 'cmake_target_skip_unavailable' from command line to 'False'
[0.290s] Level 5:colcon.colcon_core.verb:set package 'obstacle_detector' build argument 'cmake_clean_cache' from command line to 'False'
[0.290s] Level 5:colcon.colcon_core.verb:set package 'obstacle_detector' build argument 'cmake_clean_first' from command line to 'False'
[0.290s] Level 5:colcon.colcon_core.verb:set package 'obstacle_detector' build argument 'cmake_force_configure' from command line to 'False'
[0.290s] Level 5:colcon.colcon_core.verb:set package 'obstacle_detector' build argument 'ament_cmake_args' from command line to 'None'
[0.290s] Level 5:colcon.colcon_core.verb:set package 'obstacle_detector' build argument 'catkin_cmake_args' from command line to 'None'
[0.290s] Level 5:colcon.colcon_core.verb:set package 'obstacle_detector' build argument 'catkin_skip_building_tests' from command line to 'False'
[0.290s] DEBUG:colcon.colcon_core.verb:Building package 'obstacle_detector' with the following arguments: {'ament_cmake_args': None, 'build_base': '/home/louisdarong/ros2_ws/src/build/obstacle_detector', 'catkin_cmake_args': None, 'catkin_skip_building_tests': False, 'cmake_args': None, 'cmake_clean_cache': False, 'cmake_clean_first': False, 'cmake_force_configure': False, 'cmake_target': None, 'cmake_target_skip_unavailable': False, 'install_base': '/home/louisdarong/ros2_ws/src/install/obstacle_detector', 'merge_install': False, 'path': '/home/louisdarong/ros2_ws/src/obstacle_detector', 'symlink_install': False, 'test_result_base': None}
[0.290s] INFO:colcon.colcon_core.executor:Executing jobs using 'parallel' executor
[0.291s] DEBUG:colcon.colcon_parallel_executor.executor.parallel:run_until_complete
[0.291s] INFO:colcon.colcon_ros.task.ament_cmake.build:Building ROS package in '/home/louisdarong/ros2_ws/src/obstacle_detector' with build type 'ament_cmake'
[0.291s] INFO:colcon.colcon_cmake.task.cmake.build:Building CMake package in '/home/louisdarong/ros2_ws/src/obstacle_detector'
[0.293s] INFO:colcon.colcon_core.plugin_system:Skipping extension 'colcon_core.shell.bat': Not used on non-Windows systems
[0.293s] INFO:colcon.colcon_core.shell:Skip shell extension 'powershell' for command environment: Not usable outside of PowerShell
[0.293s] DEBUG:colcon.colcon_core.shell:Skip shell extension 'dsv' for command environment
[0.302s] DEBUG:colcon.colcon_core.event_handler.log_command:Invoking command in '/home/louisdarong/ros2_ws/src/build/obstacle_detector': CMAKE_PREFIX_PATH=/opt/ros/humble /usr/bin/cmake /home/louisdarong/ros2_ws/src/obstacle_detector -DCMAKE_INSTALL_PREFIX=/home/louisdarong/ros2_ws/src/install/obstacle_detector
[1.803s] DEBUG:colcon.colcon_core.event_handler.log_command:Invoked command in '/home/louisdarong/ros2_ws/src/build/obstacle_detector' returned '0': CMAKE_PREFIX_PATH=/opt/ros/humble /usr/bin/cmake /home/louisdarong/ros2_ws/src/obstacle_detector -DCMAKE_INSTALL_PREFIX=/home/louisdarong/ros2_ws/src/install/obstacle_detector
[1.805s] DEBUG:colcon.colcon_core.event_handler.log_command:Invoking command in '/home/louisdarong/ros2_ws/src/build/obstacle_detector': CMAKE_PREFIX_PATH=/opt/ros/humble /usr/bin/cmake --build /home/louisdarong/ros2_ws/src/build/obstacle_detector -- -j16 -l16
[9.249s] DEBUG:colcon.colcon_core.event_handler.log_command:Invoked command in '/home/louisdarong/ros2_ws/src/build/obstacle_detector' returned '0': CMAKE_PREFIX_PATH=/opt/ros/humble /usr/bin/cmake --build /home/louisdarong/ros2_ws/src/build/obstacle_detector -- -j16 -l16
[9.261s] DEBUG:colcon.colcon_core.event_handler.log_command:Invoking command in '/home/louisdarong/ros2_ws/src/build/obstacle_detector': CMAKE_PREFIX_PATH=/opt/ros/humble /usr/bin/cmake --install /home/louisdarong/ros2_ws/src/build/obstacle_detector
[9.288s] Level 1:colcon.colcon_core.environment:create_environment_scripts_only(obstacle_detector)
[9.289s] DEBUG:colcon.colcon_core.event_handler.log_command:Invoked command in '/home/louisdarong/ros2_ws/src/build/obstacle_detector' returned '0': CMAKE_PREFIX_PATH=/opt/ros/humble /usr/bin/cmake --install /home/louisdarong/ros2_ws/src/build/obstacle_detector
[9.294s] Level 1:colcon.colcon_core.environment:checking '/home/louisdarong/ros2_ws/src/install/obstacle_detector' for CMake module files
[9.295s] Level 1:colcon.colcon_core.environment:checking '/home/louisdarong/ros2_ws/src/install/obstacle_detector' for CMake config files
[9.295s] Level 1:colcon.colcon_core.shell:create_environment_hook('obstacle_detector', 'cmake_prefix_path')
[9.296s] INFO:colcon.colcon_core.shell:Creating environment hook '/home/louisdarong/ros2_ws/src/install/obstacle_detector/share/obstacle_detector/hook/cmake_prefix_path.ps1'
[9.297s] INFO:colcon.colcon_core.shell:Creating environment descriptor '/home/louisdarong/ros2_ws/src/install/obstacle_detector/share/obstacle_detector/hook/cmake_prefix_path.dsv'
[9.298s] INFO:colcon.colcon_core.shell:Creating environment hook '/home/louisdarong/ros2_ws/src/install/obstacle_detector/share/obstacle_detector/hook/cmake_prefix_path.sh'
[9.299s] Level 1:colcon.colcon_core.environment:checking '/home/louisdarong/ros2_ws/src/install/obstacle_detector/lib'
[9.300s] Level 1:colcon.colcon_core.environment:checking '/home/louisdarong/ros2_ws/src/install/obstacle_detector/bin'
[9.300s] Level 1:colcon.colcon_core.environment:checking '/home/louisdarong/ros2_ws/src/install/obstacle_detector/lib/pkgconfig/obstacle_detector.pc'
[9.300s] Level 1:colcon.colcon_core.environment:checking '/home/louisdarong/ros2_ws/src/install/obstacle_detector/lib/python3.10/site-packages'
[9.301s] Level 1:colcon.colcon_core.environment:checking '/home/louisdarong/ros2_ws/src/install/obstacle_detector/bin'
[9.302s] INFO:colcon.colcon_core.shell:Creating package script '/home/louisdarong/ros2_ws/src/install/obstacle_detector/share/obstacle_detector/package.ps1'
[9.303s] INFO:colcon.colcon_core.shell:Creating package descriptor '/home/louisdarong/ros2_ws/src/install/obstacle_detector/share/obstacle_detector/package.dsv'
[9.304s] INFO:colcon.colcon_core.shell:Creating package script '/home/louisdarong/ros2_ws/src/install/obstacle_detector/share/obstacle_detector/package.sh'
[9.306s] INFO:colcon.colcon_core.shell:Creating package script '/home/louisdarong/ros2_ws/src/install/obstacle_detector/share/obstacle_detector/package.bash'
[9.307s] INFO:colcon.colcon_core.shell:Creating package script '/home/louisdarong/ros2_ws/src/install/obstacle_detector/share/obstacle_detector/package.zsh'
[9.309s] Level 1:colcon.colcon_core.environment:create_file_with_runtime_dependencies(/home/louisdarong/ros2_ws/src/install/obstacle_detector/share/colcon-core/packages/obstacle_detector)
[9.310s] Level 1:colcon.colcon_core.environment:create_environment_scripts_only(obstacle_detector)
[9.310s] Level 1:colcon.colcon_core.environment:checking '/home/louisdarong/ros2_ws/src/install/obstacle_detector' for CMake module files
[9.311s] Level 1:colcon.colcon_core.environment:checking '/home/louisdarong/ros2_ws/src/install/obstacle_detector' for CMake config files
[9.312s] Level 1:colcon.colcon_core.shell:create_environment_hook('obstacle_detector', 'cmake_prefix_path')
[9.312s] INFO:colcon.colcon_core.shell:Creating environment hook '/home/louisdarong/ros2_ws/src/install/obstacle_detector/share/obstacle_detector/hook/cmake_prefix_path.ps1'
[9.313s] INFO:colcon.colcon_core.shell:Creating environment descriptor '/home/louisdarong/ros2_ws/src/install/obstacle_detector/share/obstacle_detector/hook/cmake_prefix_path.dsv'
[9.314s] INFO:colcon.colcon_core.shell:Creating environment hook '/home/louisdarong/ros2_ws/src/install/obstacle_detector/share/obstacle_detector/hook/cmake_prefix_path.sh'
[9.315s] Level 1:colcon.colcon_core.environment:checking '/home/louisdarong/ros2_ws/src/install/obstacle_detector/lib'
[9.315s] Level 1:colcon.colcon_core.environment:checking '/home/louisdarong/ros2_ws/src/install/obstacle_detector/bin'
[9.315s] Level 1:colcon.colcon_core.environment:checking '/home/louisdarong/ros2_ws/src/install/obstacle_detector/lib/pkgconfig/obstacle_detector.pc'
[9.316s] Level 1:colcon.colcon_core.environment:checking '/home/louisdarong/ros2_ws/src/install/obstacle_detector/lib/python3.10/site-packages'
[9.316s] Level 1:colcon.colcon_core.environment:checking '/home/louisdarong/ros2_ws/src/install/obstacle_detector/bin'
[9.317s] INFO:colcon.colcon_core.shell:Creating package script '/home/louisdarong/ros2_ws/src/install/obstacle_detector/share/obstacle_detector/package.ps1'
[9.318s] INFO:colcon.colcon_core.shell:Creating package descriptor '/home/louisdarong/ros2_ws/src/install/obstacle_detector/share/obstacle_detector/package.dsv'
[9.319s] INFO:colcon.colcon_core.shell:Creating package script '/home/louisdarong/ros2_ws/src/install/obstacle_detector/share/obstacle_detector/package.sh'
[9.319s] INFO:colcon.colcon_core.shell:Creating package script '/home/louisdarong/ros2_ws/src/install/obstacle_detector/share/obstacle_detector/package.bash'
[9.320s] INFO:colcon.colcon_core.shell:Creating package script '/home/louisdarong/ros2_ws/src/install/obstacle_detector/share/obstacle_detector/package.zsh'
[9.321s] Level 1:colcon.colcon_core.environment:create_file_with_runtime_dependencies(/home/louisdarong/ros2_ws/src/install/obstacle_detector/share/colcon-core/packages/obstacle_detector)
[9.322s] DEBUG:colcon.colcon_parallel_executor.executor.parallel:closing loop
[9.322s] DEBUG:colcon.colcon_parallel_executor.executor.parallel:loop closed
[9.322s] DEBUG:colcon.colcon_parallel_executor.executor.parallel:run_until_complete finished with '0'
[9.322s] DEBUG:colcon.colcon_core.event_reactor:joining thread
[9.333s] INFO:colcon.colcon_core.plugin_system:Skipping extension 'colcon_notification.desktop_notification.terminal_notifier': Not used on non-Darwin systems
[9.333s] INFO:colcon.colcon_core.plugin_system:Skipping extension 'colcon_notification.desktop_notification.win32': Not used on non-Windows systems
[9.333s] INFO:colcon.colcon_notification.desktop_notification:Sending desktop notification using 'notify2'
[9.355s] DEBUG:colcon.colcon_core.event_reactor:joined thread
[9.356s] INFO:colcon.colcon_core.shell:Creating prefix script '/home/louisdarong/ros2_ws/src/install/local_setup.ps1'
[9.358s] INFO:colcon.colcon_core.shell:Creating prefix util module '/home/louisdarong/ros2_ws/src/install/_local_setup_util_ps1.py'
[9.361s] INFO:colcon.colcon_core.shell:Creating prefix chain script '/home/louisdarong/ros2_ws/src/install/setup.ps1'
[9.363s] INFO:colcon.colcon_core.shell:Creating prefix script '/home/louisdarong/ros2_ws/src/install/local_setup.sh'
[9.365s] INFO:colcon.colcon_core.shell:Creating prefix util module '/home/louisdarong/ros2_ws/src/install/_local_setup_util_sh.py'
[9.366s] INFO:colcon.colcon_core.shell:Creating prefix chain script '/home/louisdarong/ros2_ws/src/install/setup.sh'
[9.368s] INFO:colcon.colcon_core.shell:Creating prefix script '/home/louisdarong/ros2_ws/src/install/local_setup.bash'
[9.369s] INFO:colcon.colcon_core.shell:Creating prefix chain script '/home/louisdarong/ros2_ws/src/install/setup.bash'
[9.371s] INFO:colcon.colcon_core.shell:Creating prefix script '/home/louisdarong/ros2_ws/src/install/local_setup.zsh'
[9.372s] INFO:colcon.colcon_core.shell:Creating prefix chain script '/home/louisdarong/ros2_ws/src/install/setup.zsh'
